Archive member included because of file (symbol)

c:/program files (x86)/gnu tools arm embedded/4.8 2013q4/bin/../lib/gcc/arm-none-eabi/4.8.3/armv6-m\libgcc.a(_udivsi3.o)
                              ..\obj\main.o (__aeabi_uidiv)
c:/program files (x86)/gnu tools arm embedded/4.8 2013q4/bin/../lib/gcc/arm-none-eabi/4.8.3/armv6-m\libgcc.a(_divsi3.o)
                              ..\obj\main.o (__aeabi_idiv)
c:/program files (x86)/gnu tools arm embedded/4.8 2013q4/bin/../lib/gcc/arm-none-eabi/4.8.3/armv6-m\libgcc.a(_dvmd_tls.o)
                              c:/program files (x86)/gnu tools arm embedded/4.8 2013q4/bin/../lib/gcc/arm-none-eabi/4.8.3/armv6-m\libgcc.a(_udivsi3.o) (__aeabi_idiv0)
c:/program files (x86)/gnu tools arm embedded/4.8 2013q4/bin/../lib/gcc/arm-none-eabi/4.8.3/armv6-m\libgcc.a(unwind-arm.o)
                              ..\obj\main.o (__aeabi_unwind_cpp_pr0)
c:/program files (x86)/gnu tools arm embedded/4.8 2013q4/bin/../lib/gcc/arm-none-eabi/4.8.3/armv6-m\libgcc.a(libunwind.o)
                              c:/program files (x86)/gnu tools arm embedded/4.8 2013q4/bin/../lib/gcc/arm-none-eabi/4.8.3/armv6-m\libgcc.a(unwind-arm.o) (restore_core_regs)
c:/program files (x86)/gnu tools arm embedded/4.8 2013q4/bin/../lib/gcc/arm-none-eabi/4.8.3/armv6-m\libgcc.a(pr-support.o)
                              c:/program files (x86)/gnu tools arm embedded/4.8 2013q4/bin/../lib/gcc/arm-none-eabi/4.8.3/armv6-m\libgcc.a(unwind-arm.o) (__gnu_unwind_execute)
c:/program files (x86)/gnu tools arm embedded/4.8 2013q4/bin/../lib/gcc/arm-none-eabi/4.8.3/../../../../arm-none-eabi/lib/armv6-m\libg.a(lib_a-memcpy-stub.o)
                              c:/program files (x86)/gnu tools arm embedded/4.8 2013q4/bin/../lib/gcc/arm-none-eabi/4.8.3/armv6-m\libgcc.a(unwind-arm.o) (memcpy)
c:/program files (x86)/gnu tools arm embedded/4.8 2013q4/bin/../lib/gcc/arm-none-eabi/4.8.3/../../../../arm-none-eabi/lib/armv6-m\libg.a(lib_a-strlen.o)
                              ..\obj\RF24.o (strlen)

Discarded input sections

 .text          0x00000000        0x0 ..\obj\startup_coide.o
 .data          0x00000000        0x0 ..\obj\startup_coide.o
 .bss           0x00000000        0x0 ..\obj\startup_coide.o
 .text          0x00000000        0x0 ..\obj\xdebug.o
 .data          0x00000000        0x0 ..\obj\xdebug.o
 .bss           0x00000000        0x0 ..\obj\xdebug.o
 .debug_line    0x00000000        0x0 ..\obj\xdebug.o
 .debug_str     0x00000000        0x0 ..\obj\xdebug.o
 .comment       0x00000000       0x71 ..\obj\xdebug.o
 .ARM.attributes
                0x00000000       0x32 ..\obj\xdebug.o
 .text          0x00000000        0x0 ..\obj\xcore.o
 .data          0x00000000        0x0 ..\obj\xcore.o
 .bss           0x00000000        0x0 ..\obj\xcore.o
 .text.IntDefaultHandler
                0x00000000        0x2 ..\obj\xcore.o
 .text.xCPUcpsid
                0x00000000        0x8 ..\obj\xcore.o
 .text.xCPUprimask
                0x00000000        0x6 ..\obj\xcore.o
 .text.xCPUcpsie
                0x00000000        0x8 ..\obj\xcore.o
 .text.xCPUwfi  0x00000000        0x4 ..\obj\xcore.o
 .text.xCPUbasepriSet
                0x00000000        0x6 ..\obj\xcore.o
 .text.xCPUbasepriGet
                0x00000000        0x6 ..\obj\xcore.o
 .text.xCPUpspSet
                0x00000000        0x6 ..\obj\xcore.o
 .text.xCPUpspGet
                0x00000000        0x6 ..\obj\xcore.o
 .text.xCPUmspSet
                0x00000000        0x6 ..\obj\xcore.o
 .text.xCPUmspGet
                0x00000000        0x6 ..\obj\xcore.o
 .text.xIntMasterEnable
                0x00000000        0xa ..\obj\xcore.o
 .text.xIntMasterDisable
                0x00000000        0xa ..\obj\xcore.o
 .text.xIntPrioritySet
                0x00000000       0x6c ..\obj\xcore.o
 .text.xIntPriorityGet
                0x00000000       0x54 ..\obj\xcore.o
 .text.xIntEnable
                0x00000000       0x68 ..\obj\xcore.o
 .text.xIntDisable
                0x00000000       0x6c ..\obj\xcore.o
 .text.xIntPendSet
                0x00000000       0x64 ..\obj\xcore.o
 .text.xIntPendClear
                0x00000000       0x64 ..\obj\xcore.o
 .text.xIntPriorityMaskSet
                0x00000000        0x8 ..\obj\xcore.o
 .text.xIntPriorityMaskGet
                0x00000000        0x8 ..\obj\xcore.o
 .text.xSysTickDisable
                0x00000000       0x10 ..\obj\xcore.o
 .text.xSysTickIntDisable
                0x00000000       0x10 ..\obj\xcore.o
 .text.xSysTickPeriodGet
                0x00000000        0xc ..\obj\xcore.o
 .text.xSysTickValueGet
                0x00000000        0xc ..\obj\xcore.o
 .text.xSysTickPendSet
                0x00000000       0x14 ..\obj\xcore.o
 .text.xSysTickPendClr
                0x00000000       0x14 ..\obj\xcore.o
 .text.xPendSVPendSet
                0x00000000       0x14 ..\obj\xcore.o
 .text.xPendSVPendClr
                0x00000000       0x14 ..\obj\xcore.o
 .rodata        0x00000000       0x40 ..\obj\xcore.o
 .text          0x00000000        0x0 ..\obj\xgpio.o
 .data          0x00000000        0x0 ..\obj\xgpio.o
 .text.GPIOToPortGet
                0x00000000       0x60 ..\obj\xgpio.o
 .text.xGPIODirModeGet
                0x00000000       0x1a ..\obj\xgpio.o
 .text.GPIODirModeGet
                0x00000000        0xa ..\obj\xgpio.o
 .text.GPIOPinIntEnable
                0x00000000       0x34 ..\obj\xgpio.o
 .text.GPIOPinIntDisable
                0x00000000       0x2c ..\obj\xgpio.o
 .text.GPIOPinIntCallbackInit
                0x00000000       0x54 ..\obj\xgpio.o
 .text.GPIOPinIntStatus
                0x00000000        0xc ..\obj\xgpio.o
 .text.GPIOPinIntClear
                0x00000000       0x12 ..\obj\xgpio.o
 .text.GPIODMAEdgeSet
                0x00000000       0x34 ..\obj\xgpio.o
 .text.GPIOPinRead
                0x00000000        0x8 ..\obj\xgpio.o
 .text.GPIOPinSet
                0x00000000        0x4 ..\obj\xgpio.o
 .text.GPIOPinReset
                0x00000000        0x4 ..\obj\xgpio.o
 .text.GPIOPinMaskSet
                0x00000000       0x34 ..\obj\xgpio.o
 .text.GPIOPortMaskGet
                0x00000000       0x18 ..\obj\xgpio.o
 .text.GPIOPinPortDoutGet
                0x00000000        0x4 ..\obj\xgpio.o
 .text.GPIOPadConfigSet
                0x00000000       0x2e ..\obj\xgpio.o
 .text.GPIOPullConfigure
                0x00000000       0x3e ..\obj\xgpio.o
 .text.GPIOPassiveConfigure
                0x00000000       0x2e ..\obj\xgpio.o
 .text.GPIOSlewRataConfigure
                0x00000000       0x2e ..\obj\xgpio.o
 .text.GPIOPinToPort
                0x00000000        0x2 ..\obj\xgpio.o
 .text.GPIOPinToPin
                0x00000000        0x4 ..\obj\xgpio.o
 .text          0x00000000        0x0 ..\obj\main.o
 .data          0x00000000        0x0 ..\obj\main.o
 .ARM.extab.text.SysTickIntHandler
                0x00000000        0x0 ..\obj\main.o
 .text.millis   0x00000000        0xc ..\obj\main.o
 .ARM.extab.text.millis
                0x00000000        0x0 ..\obj\main.o
 .ARM.exidx.text.millis
                0x00000000        0x8 ..\obj\main.o
 .text.map      0x00000000       0x16 ..\obj\main.o
 .ARM.extab.text.map
                0x00000000        0x0 ..\obj\main.o
 .ARM.exidx.text.map
                0x00000000        0x8 ..\obj\main.o
 .ARM.extab.text._Z9rf24_initR4RF24
                0x00000000        0x0 ..\obj\main.o
 .ARM.extab.text._Z7pwmInitv
                0x00000000        0x0 ..\obj\main.o
 .ARM.extab.text._Z7stopallv
                0x00000000        0x0 ..\obj\main.o
 .ARM.extab.text._Z14getNRF24reportP4RF24P8report_t
                0x00000000        0x0 ..\obj\main.o
 .text._Z22checkifButtonIsPressedP8report_t14jmotes_buttons
                0x00000000        0xc ..\obj\main.o
 .ARM.extab.text._Z22checkifButtonIsPressedP8report_t14jmotes_buttons
                0x00000000        0x0 ..\obj\main.o
 .ARM.exidx.text._Z22checkifButtonIsPressedP8report_t14jmotes_buttons
                0x00000000        0x8 ..\obj\main.o
 .ARM.extab.text._Z5driveP8report_t
                0x00000000        0x0 ..\obj\main.o
 .ARM.extab.text.startup.main
                0x00000000        0x0 ..\obj\main.o
 .text          0x00000000        0x0 ..\obj\xwdt.o
 .data          0x00000000        0x0 ..\obj\xwdt.o
 .text.WDTimerInit
                0x00000000        0xc ..\obj\xwdt.o
 .text.WDTimerEnable
                0x00000000       0x14 ..\obj\xwdt.o
 .text.WDTimerRestart
                0x00000000       0x10 ..\obj\xwdt.o
 .text          0x00000000        0x0 ..\obj\printf.o
 .bss           0x00000000        0x0 ..\obj\printf.o
 .text.PrintChar
                0x00000000        0x2 ..\obj\printf.o
 .text.PutChar  0x00000000        0x6 ..\obj\printf.o
 .text.snprintf
                0x00000000       0x16 ..\obj\printf.o
 .text.sprintf  0x00000000       0x18 ..\obj\printf.o
 .text.fprintf  0x00000000       0x18 ..\obj\printf.o
 .text          0x00000000        0x0 ..\obj\xsysctl.o
 .bss           0x00000000        0x0 ..\obj\xsysctl.o
 .text.xSysCtlPeripheraIntNumGet
                0x00000000       0x4c ..\obj\xsysctl.o
 .text.xSysCtlPeripheralEnable2
                0x00000000       0x4c ..\obj\xsysctl.o
 .text.SysCtlPeripheralDisable
                0x00000000       0x20 ..\obj\xsysctl.o
 .text.xSysCtlPeripheralDisable2
                0x00000000       0x4c ..\obj\xsysctl.o
 .text.SysCtlWakeupPinConfig
                0x00000000       0x40 ..\obj\xsysctl.o
 .text.SysCtlWakeupFilterConfig
                0x00000000       0x30 ..\obj\xsysctl.o
 .text.SysCtlWakeupPinFlagGet
                0x00000000       0x1c ..\obj\xsysctl.o
 .text.SysCtlWakeupPinFilterFlagGet
                0x00000000       0x10 ..\obj\xsysctl.o
 .text.SysCtlWakeupModuleFlagGet
                0x00000000       0x18 ..\obj\xsysctl.o
 .text.SysCtlWakeupModuleEnable
                0x00000000       0x2c ..\obj\xsysctl.o
 .text.SysCtlSleep
                0x00000000       0x18 ..\obj\xsysctl.o
 .text.SysCtlDeepSleep
                0x00000000       0x18 ..\obj\xsysctl.o
 .text.SysCtlPeripheralClockSourceSet
                0x00000000      0x1b0 ..\obj\xsysctl.o
 .text.SysCtlHClockSourceSet
                0x00000000       0x18 ..\obj\xsysctl.o
 .text.xSysCtlClockSet
                0x00000000      0x1cc ..\obj\xsysctl.o
 .text.SysCtlResetSrcGet
                0x00000000       0x34 ..\obj\xsysctl.o
 .text.SysCtlPowerModeGet
                0x00000000       0x10 ..\obj\xsysctl.o
 .text.SysCtlResetPinFilterStopModeEnable
                0x00000000       0x1c ..\obj\xsysctl.o
 .text.SysCtlResetPinFilterBusClkWidthSet
                0x00000000       0x18 ..\obj\xsysctl.o
 .text.SysCtlResetPinFilterRunModeSelect
                0x00000000       0x18 ..\obj\xsysctl.o
 .text.SysCtlLVDVolSet
                0x00000000       0x18 ..\obj\xsysctl.o
 .text.SysCtlLVDWarningVolSet
                0x00000000       0x18 ..\obj\xsysctl.o
 .text.SysCtlLVDEventFlagGet
                0x00000000        0xc ..\obj\xsysctl.o
 .text.SysCtlLVDEventFlagClear
                0x00000000       0x10 ..\obj\xsysctl.o
 .text.SysCtlLVDWaringFlagGet
                0x00000000        0xc ..\obj\xsysctl.o
 .text.SysCtlLVDWarningFlagClear
                0x00000000       0x10 ..\obj\xsysctl.o
 .text.SysCtlVeryLowPowerRunModeEnable
                0x00000000       0x38 ..\obj\xsysctl.o
 .text.SysCtlLVDIntEnable
                0x00000000       0x1c ..\obj\xsysctl.o
 .text.SysCtlLVDWarningIntEnable
                0x00000000       0x1c ..\obj\xsysctl.o
 .text.SysCtlLVDResetEnable
                0x00000000       0x1c ..\obj\xsysctl.o
 .text.SysCtlStopModeSet
                0x00000000      0x110 ..\obj\xsysctl.o
 .text.SysCtlHClockSet
                0x00000000      0x3d4 ..\obj\xsysctl.o
 .text.SysCtlClkOututSrcSet
                0x00000000       0x18 ..\obj\xsysctl.o
 .text.SysCtlBusClkSet
                0x00000000       0x44 ..\obj\xsysctl.o
 .text.SysCtlBusClkGet
                0x00000000       0x1c ..\obj\xsysctl.o
 .text.SysCtlBandgapEnable
                0x00000000       0x1c ..\obj\xsysctl.o
 .text.SysCtlBandgapBufferEnable
                0x00000000       0x1c ..\obj\xsysctl.o
 .text.SysCtlRegulatorStatusGet
                0x00000000       0x10 ..\obj\xsysctl.o
 .text.SysCtlUART0ClkGet
                0x00000000       0x60 ..\obj\xsysctl.o
 .text          0x00000000        0x0 ..\obj\xspi.o
 .data          0x00000000        0x0 ..\obj\xspi.o
 .text.SPIDisable
                0x00000000        0xa ..\obj\xspi.o
 .text.SPIIntEnable
                0x00000000       0x1c ..\obj\xspi.o
 .text.SPIIntDisable
                0x00000000       0x18 ..\obj\xspi.o
 .text.SPIIntStatus
                0x00000000        0x8 ..\obj\xspi.o
 .text.SPIIntCallbackInit
                0x00000000       0x24 ..\obj\xspi.o
 .text.SPIDataPut
                0x00000000        0xc ..\obj\xspi.o
 .text.SPIDataPutNonBlocking
                0x00000000       0x14 ..\obj\xspi.o
 .text.SPIDataGet
                0x00000000        0xe ..\obj\xspi.o
 .text.SPIDataGetNonBlocking
                0x00000000       0x14 ..\obj\xspi.o
 .text.SPIDMAEnable
                0x00000000        0xa ..\obj\xspi.o
 .text.SPIDMADisable
                0x00000000        0x8 ..\obj\xspi.o
 .text.SPIDataRead
                0x00000000       0x24 ..\obj\xspi.o
 .text.SPIDataWrite
                0x00000000       0x20 ..\obj\xspi.o
 .text.SPI3WireEnable
                0x00000000       0x1c ..\obj\xspi.o
 .text.SPI3WireDisable
                0x00000000        0xa ..\obj\xspi.o
 .text.SPISSSet
                0x00000000       0x1e ..\obj\xspi.o
 .text.SPISSClear
                0x00000000        0xa ..\obj\xspi.o
 .text.SPIClkStatusForWaitMode
                0x00000000       0x16 ..\obj\xspi.o
 .text          0x00000000        0x0 ..\obj\syscalls.o
 .data          0x00000000        0x0 ..\obj\syscalls.o
 .bss           0x00000000        0x4 ..\obj\syscalls.o
 .text._sbrk    0x00000000       0x20 ..\obj\syscalls.o
 .text.link     0x00000000        0x6 ..\obj\syscalls.o
 .text._close   0x00000000        0x6 ..\obj\syscalls.o
 .text._fstat   0x00000000        0xe ..\obj\syscalls.o
 .text._isatty  0x00000000        0x4 ..\obj\syscalls.o
 .text._lseek   0x00000000        0x4 ..\obj\syscalls.o
 .text._read    0x00000000        0x4 ..\obj\syscalls.o
 .text._write   0x00000000        0x4 ..\obj\syscalls.o
 .debug_info    0x00000000      0x3ed ..\obj\syscalls.o
 .debug_abbrev  0x00000000       0xf1 ..\obj\syscalls.o
 .debug_loc     0x00000000      0x108 ..\obj\syscalls.o
 .debug_aranges
                0x00000000       0x60 ..\obj\syscalls.o
 .debug_ranges  0x00000000       0x50 ..\obj\syscalls.o
 .debug_line    0x00000000      0x14f ..\obj\syscalls.o
 .debug_str     0x00000000      0x2ad ..\obj\syscalls.o
 .comment       0x00000000       0x71 ..\obj\syscalls.o
 .ARM.attributes
                0x00000000       0x32 ..\obj\syscalls.o
 .debug_frame   0x00000000       0xa0 ..\obj\syscalls.o
 .text          0x00000000        0x0 ..\obj\RF24.o
 .data          0x00000000        0x0 ..\obj\RF24.o
 .bss           0x00000000        0x0 ..\obj\RF24.o
 .text._ZN4RF243csnEi
                0x00000000       0x12 ..\obj\RF24.o
 .ARM.extab.text._ZN4RF243csnEi
                0x00000000        0xc ..\obj\RF24.o
 .ARM.exidx.text._ZN4RF243csnEi
                0x00000000        0x8 ..\obj\RF24.o
 .text._ZN4RF242ceEi
                0x00000000       0x12 ..\obj\RF24.o
 .ARM.extab.text._ZN4RF242ceEi
                0x00000000        0xc ..\obj\RF24.o
 .ARM.exidx.text._ZN4RF242ceEi
                0x00000000        0x8 ..\obj\RF24.o
 .ARM.extab.text._ZN4RF2413read_registerEhPhh
                0x00000000        0x0 ..\obj\RF24.o
 .ARM.extab.text._ZN4RF2413read_registerEh
                0x00000000        0x0 ..\obj\RF24.o
 .ARM.extab.text._ZN4RF2414write_registerEhPKhh
                0x00000000        0x0 ..\obj\RF24.o
 .ARM.extab.text._ZN4RF2414write_registerEhh
                0x00000000        0x0 ..\obj\RF24.o
 .text._ZN4RF2413write_payloadEPKvh
                0x00000000       0x58 ..\obj\RF24.o
 .ARM.extab.text._ZN4RF2413write_payloadEPKvh
                0x00000000        0x0 ..\obj\RF24.o
 .ARM.exidx.text._ZN4RF2413write_payloadEPKvh
                0x00000000        0x8 ..\obj\RF24.o
 .ARM.extab.text._ZN4RF2412read_payloadEPvh
                0x00000000        0x0 ..\obj\RF24.o
 .ARM.extab.text._ZN4RF248flush_rxEv
                0x00000000        0x0 ..\obj\RF24.o
 .ARM.extab.text._ZN4RF248flush_txEv
                0x00000000        0x0 ..\obj\RF24.o
 .ARM.extab.text._ZN4RF2410get_statusEv
                0x00000000        0x0 ..\obj\RF24.o
 .ARM.extab.text._ZN4RF2412print_statusEh
                0x00000000        0x0 ..\obj\RF24.o
 .text._ZN4RF2416print_observe_txEh
                0x00000000       0x14 ..\obj\RF24.o
 .ARM.extab.text._ZN4RF2416print_observe_txEh
                0x00000000        0xc ..\obj\RF24.o
 .ARM.exidx.text._ZN4RF2416print_observe_txEh
                0x00000000        0x8 ..\obj\RF24.o
 .ARM.extab.text._ZN4RF2419print_byte_registerEPKchh
                0x00000000        0x0 ..\obj\RF24.o
 .ARM.extab.text._ZN4RF2422print_address_registerEPKchh
                0x00000000        0x0 ..\obj\RF24.o
 .ARM.extab.text._ZN4RF24C2Ev
                0x00000000        0x0 ..\obj\RF24.o
 .ARM.extab.text._ZN4RF2414setPayloadSizeEh
                0x00000000        0x0 ..\obj\RF24.o
 .text._ZN4RF2414getPayloadSizeEv
                0x00000000        0x4 ..\obj\RF24.o
 .ARM.extab.text._ZN4RF2414getPayloadSizeEv
                0x00000000        0x0 ..\obj\RF24.o
 .ARM.exidx.text._ZN4RF2414getPayloadSizeEv
                0x00000000        0x8 ..\obj\RF24.o
 .ARM.extab.text._ZN4RF2414startListeningEv
                0x00000000        0x0 ..\obj\RF24.o
 .text._ZN4RF2413stopListeningEv
                0x00000000       0x16 ..\obj\RF24.o
 .ARM.extab.text._ZN4RF2413stopListeningEv
                0x00000000        0x0 ..\obj\RF24.o
 .ARM.exidx.text._ZN4RF2413stopListeningEv
                0x00000000        0x8 ..\obj\RF24.o
 .text._ZN4RF249powerDownEv
                0x00000000       0x1a ..\obj\RF24.o
 .ARM.extab.text._ZN4RF249powerDownEv
                0x00000000        0x0 ..\obj\RF24.o
 .ARM.exidx.text._ZN4RF249powerDownEv
                0x00000000        0x8 ..\obj\RF24.o
 .text._ZN4RF247powerUpEv
                0x00000000       0x1a ..\obj\RF24.o
 .ARM.extab.text._ZN4RF247powerUpEv
                0x00000000        0x0 ..\obj\RF24.o
 .ARM.exidx.text._ZN4RF247powerUpEv
                0x00000000        0x8 ..\obj\RF24.o
 .text._ZN4RF2410startWriteEPKvh
                0x00000000       0x40 ..\obj\RF24.o
 .ARM.extab.text._ZN4RF2410startWriteEPKvh
                0x00000000        0x0 ..\obj\RF24.o
 .ARM.exidx.text._ZN4RF2410startWriteEPKvh
                0x00000000        0x8 ..\obj\RF24.o
 .text._ZN4RF2421getDynamicPayloadSizeEv
                0x00000000       0x1c ..\obj\RF24.o
 .ARM.extab.text._ZN4RF2421getDynamicPayloadSizeEv
                0x00000000        0x0 ..\obj\RF24.o
 .ARM.exidx.text._ZN4RF2421getDynamicPayloadSizeEv
                0x00000000        0x8 ..\obj\RF24.o
 .ARM.extab.text._ZN4RF249availableEPh
                0x00000000        0x0 ..\obj\RF24.o
 .ARM.extab.text._ZN4RF244readEPvh
                0x00000000        0x0 ..\obj\RF24.o
 .text._ZN4RF2412whatHappenedERbS0_S0_
                0x00000000       0x26 ..\obj\RF24.o
 .ARM.extab.text._ZN4RF2412whatHappenedERbS0_S0_
                0x00000000        0x0 ..\obj\RF24.o
 .ARM.exidx.text._ZN4RF2412whatHappenedERbS0_S0_
                0x00000000        0x8 ..\obj\RF24.o
 .text._ZN4RF245writeEPKvh
                0x00000000       0x62 ..\obj\RF24.o
 .ARM.extab.text._ZN4RF245writeEPKvh
                0x00000000        0x0 ..\obj\RF24.o
 .ARM.exidx.text._ZN4RF245writeEPKvh
                0x00000000        0x8 ..\obj\RF24.o
 .ARM.extab.text._ZN4RF2415openWritingPipeEy
                0x00000000        0x0 ..\obj\RF24.o
 .ARM.extab.text._ZN4RF2415openReadingPipeEhy
                0x00000000        0x0 ..\obj\RF24.o
 .text._ZN4RF2415toggle_featuresEv
                0x00000000       0x18 ..\obj\RF24.o
 .ARM.extab.text._ZN4RF2415toggle_featuresEv
                0x00000000        0xc ..\obj\RF24.o
 .ARM.exidx.text._ZN4RF2415toggle_featuresEv
                0x00000000        0x8 ..\obj\RF24.o
 .text._ZN4RF2421enableDynamicPayloadsEv
                0x00000000       0x5a ..\obj\RF24.o
 .ARM.extab.text._ZN4RF2421enableDynamicPayloadsEv
                0x00000000        0x0 ..\obj\RF24.o
 .ARM.exidx.text._ZN4RF2421enableDynamicPayloadsEv
                0x00000000        0x8 ..\obj\RF24.o
 .text._ZN4RF2416enableAckPayloadEv
                0x00000000       0x56 ..\obj\RF24.o
 .ARM.extab.text._ZN4RF2416enableAckPayloadEv
                0x00000000        0x0 ..\obj\RF24.o
 .ARM.exidx.text._ZN4RF2416enableAckPayloadEv
                0x00000000        0x8 ..\obj\RF24.o
 .text._ZN4RF2415writeAckPayloadEhPKvh
                0x00000000       0x40 ..\obj\RF24.o
 .ARM.extab.text._ZN4RF2415writeAckPayloadEhPKvh
                0x00000000        0x0 ..\obj\RF24.o
 .ARM.exidx.text._ZN4RF2415writeAckPayloadEhPKvh
                0x00000000        0x8 ..\obj\RF24.o
 .text._ZN4RF2421isAckPayloadAvailableEv
                0x00000000        0xa ..\obj\RF24.o
 .ARM.extab.text._ZN4RF2421isAckPayloadAvailableEv
                0x00000000        0x0 ..\obj\RF24.o
 .ARM.exidx.text._ZN4RF2421isAckPayloadAvailableEv
                0x00000000        0x8 ..\obj\RF24.o
 .text._ZN4RF2410isPVariantEv
                0x00000000        0x4 ..\obj\RF24.o
 .ARM.extab.text._ZN4RF2410isPVariantEv
                0x00000000        0x0 ..\obj\RF24.o
 .ARM.exidx.text._ZN4RF2410isPVariantEv
                0x00000000        0x8 ..\obj\RF24.o
 .text._ZN4RF2410setAutoAckEb
                0x00000000       0x12 ..\obj\RF24.o
 .ARM.extab.text._ZN4RF2410setAutoAckEb
                0x00000000        0xc ..\obj\RF24.o
 .ARM.exidx.text._ZN4RF2410setAutoAckEb
                0x00000000        0x8 ..\obj\RF24.o
 .text._ZN4RF2410setAutoAckEhb
                0x00000000       0x2c ..\obj\RF24.o
 .ARM.extab.text._ZN4RF2410setAutoAckEhb
                0x00000000        0x0 ..\obj\RF24.o
 .ARM.exidx.text._ZN4RF2410setAutoAckEhb
                0x00000000        0x8 ..\obj\RF24.o
 .text._ZN4RF2411testCarrierEv
                0x00000000        0xe ..\obj\RF24.o
 .ARM.extab.text._ZN4RF2411testCarrierEv
                0x00000000        0xc ..\obj\RF24.o
 .ARM.exidx.text._ZN4RF2411testCarrierEv
                0x00000000        0x8 ..\obj\RF24.o
 .text._ZN4RF247testRPDEv
                0x00000000        0xe ..\obj\RF24.o
 .ARM.extab.text._ZN4RF247testRPDEv
                0x00000000        0xc ..\obj\RF24.o
 .ARM.exidx.text._ZN4RF247testRPDEv
                0x00000000        0x8 ..\obj\RF24.o
 .ARM.extab.text._ZN4RF2410setPALevelE13rf24_pa_dbm_e
                0x00000000        0x0 ..\obj\RF24.o
 .ARM.extab.text._ZN4RF2411setDataRateE15rf24_datarate_e
                0x00000000        0x0 ..\obj\RF24.o
 .ARM.extab.text._ZN4RF2412setCRCLengthE16rf24_crclength_e
                0x00000000        0x0 ..\obj\RF24.o
 .ARM.extab.text._ZN4RF245beginEv
                0x00000000        0x0 ..\obj\RF24.o
 .ARM.extab.text._ZN4RF2412printDetailsEv
                0x00000000        0x0 ..\obj\RF24.o
 .text._ZN4RF2410disableCRCEv
                0x00000000       0x1a ..\obj\RF24.o
 .ARM.extab.text._ZN4RF2410disableCRCEv
                0x00000000        0x0 ..\obj\RF24.o
 .ARM.exidx.text._ZN4RF2410disableCRCEv
                0x00000000        0x8 ..\obj\RF24.o
 .text          0x00000000        0x0 ..\obj\xpwm.o
 .data          0x00000000        0x0 ..\obj\xpwm.o
 .bss           0x00000000        0x0 ..\obj\xpwm.o
 .text.PWMInitConfigure
                0x00000000       0x38 ..\obj\xpwm.o
 .text.PWMDutySet
                0x00000000       0x26 ..\obj\xpwm.o
 .text.PWMDutyGet
                0x00000000       0x18 ..\obj\xpwm.o
 .text.PWMIntEnable
                0x00000000       0x14 ..\obj\xpwm.o
 .text.PWMIntDisable
                0x00000000       0x14 ..\obj\xpwm.o
 .text.PWMIntFlagGet
                0x00000000       0x1a ..\obj\xpwm.o
 .text.PWMIntFlagClear
                0x00000000       0x1e ..\obj\xpwm.o
 .text.PWMStop  0x00000000        0xa ..\obj\xpwm.o
 .text.PWMFrequencyGet
                0x00000000       0x1e ..\obj\xpwm.o
 .text.PWMFrequencyConfig
                0x00000000       0x2c ..\obj\xpwm.o
 .text.PWMOutputDisable
                0x00000000       0x1c ..\obj\xpwm.o
 .text.PWMMODSet
                0x00000000        0x4 ..\obj\xpwm.o
 .text.PWMMODGet
                0x00000000        0x4 ..\obj\xpwm.o
 .text.PWMTriggerSelect
                0x00000000       0x18 ..\obj\xpwm.o
 .text.PWMCROTConfigure
                0x00000000       0x18 ..\obj\xpwm.o
 .text.PWMCSOOConfigure
                0x00000000       0x18 ..\obj\xpwm.o
 .text.PWMCSOTConfigure
                0x00000000       0x18 ..\obj\xpwm.o
 .text          0x00000000        0x0 ..\obj\spi-cox.o
 .data          0x00000000        0x0 ..\obj\spi-cox.o
 .text          0x00000000        0x0 ..\obj\xuart.o
 .data          0x00000000        0x0 ..\obj\xuart.o
 .text.UARTConfigSet
                0x00000000      0x168 ..\obj\xuart.o
 .text.UARTEnable
                0x00000000        0xa ..\obj\xuart.o
 .text.UARTDisable
                0x00000000        0x8 ..\obj\xuart.o
 .text.UARTCharsAvail
                0x00000000        0x8 ..\obj\xuart.o
 .text.UARTSpaceAvail
                0x00000000        0x6 ..\obj\xuart.o
 .text.UARTCharGetNonBlocking
                0x00000000        0x8 ..\obj\xuart.o
 .text.UARTCharGet
                0x00000000       0x20 ..\obj\xuart.o
 .text.UARTCharPutNonBlocking
                0x00000000        0x6 ..\obj\xuart.o
 .text.UARTCharPut
                0x00000000       0x1c ..\obj\xuart.o
 .text.UARTBusy
                0x00000000        0xa ..\obj\xuart.o
 .text.UARTIntEnable
                0x00000000       0x2a ..\obj\xuart.o
 .text.UARTIntDisable
                0x00000000       0x2a ..\obj\xuart.o
 .text.UARTIntCallbackInit
                0x00000000       0x34 ..\obj\xuart.o
 .text.UARTRxErrorGet
                0x00000000        0x8 ..\obj\xuart.o
 .text.UARTRxErrorClear
                0x00000000       0x34 ..\obj\xuart.o
 .text.UARTLINConfig
                0x00000000       0xb8 ..\obj\xuart.o
 .text.UARTLINEnable
                0x00000000        0xa ..\obj\xuart.o
 .text.UARTLINDisable
                0x00000000        0xa ..\obj\xuart.o
 .text.UARTLINSyncBreakPut
                0x00000000       0x18 ..\obj\xuart.o
 .text.UARTDMAEnable
                0x00000000       0x38 ..\obj\xuart.o
 .text.UARTDMADisable
                0x00000000       0x34 ..\obj\xuart.o
 .text.UARTTxInvertEnable
                0x00000000       0x10 ..\obj\xuart.o
 .text.UARTTxInvertDisable
                0x00000000       0x10 ..\obj\xuart.o
 .text.UARTRxInvertEnable
                0x00000000       0x10 ..\obj\xuart.o
 .text.UARTRxInvertDisable
                0x00000000       0x10 ..\obj\xuart.o
 .text.UARTOutModeConfig
                0x00000000       0x12 ..\obj\xuart.o
 .text.UARTWaitModeRun
                0x00000000        0x8 ..\obj\xuart.o
 .text.UARTWaitModeStop
                0x00000000        0xa ..\obj\xuart.o
 .text.UARTWakeupMethodConfig
                0x00000000       0x12 ..\obj\xuart.o
 .text.UARTMsbFirst
                0x00000000       0x18 ..\obj\xuart.o
 .text.UARTLsbFirst
                0x00000000       0x18 ..\obj\xuart.o
 .text.UARTReceiverStatus
                0x00000000        0x8 ..\obj\xuart.o
 .text.UARTMatchAddressSet
                0x00000000       0x20 ..\obj\xuart.o
 .text.UARTMatchAddrModeEnable
                0x00000000       0x20 ..\obj\xuart.o
 .text.UARTMatchAddrModeDisable
                0x00000000       0x24 ..\obj\xuart.o
 .text.UARTBothEdgeSampleEnable
                0x00000000       0x10 ..\obj\xuart.o
 .text.UARTBothEdgeSampleDisable
                0x00000000       0x10 ..\obj\xuart.o
 .text.UARTReSyncEnable
                0x00000000       0x10 ..\obj\xuart.o
 .text.UARTReSyncDisable
                0x00000000       0x10 ..\obj\xuart.o
 .text.UARTGetBit9
                0x00000000        0x6 ..\obj\xuart.o
 .text.UARTGetBit10
                0x00000000       0x10 ..\obj\xuart.o
 .text.UARTSetBit9
                0x00000000       0x14 ..\obj\xuart.o
 .text.UARTSetBit10
                0x00000000       0x1c ..\obj\xuart.o
 .text.UARTIdleLineTypeConfig
                0x00000000       0x12 ..\obj\xuart.o
 .text.UARTIdleFlagGet
                0x00000000        0x8 ..\obj\xuart.o
 .text.UARTIdleFlagClear
                0x00000000       0x3c ..\obj\xuart.o
 .text.UARTIdleSend
                0x00000000       0x18 ..\obj\xuart.o
 .data          0x00000000        0x0 c:/program files (x86)/gnu tools arm embedded/4.8 2013q4/bin/../lib/gcc/arm-none-eabi/4.8.3/armv6-m\libgcc.a(_udivsi3.o)
 .bss           0x00000000        0x0 c:/program files (x86)/gnu tools arm embedded/4.8 2013q4/bin/../lib/gcc/arm-none-eabi/4.8.3/armv6-m\libgcc.a(_udivsi3.o)
 .data          0x00000000        0x0 c:/program files (x86)/gnu tools arm embedded/4.8 2013q4/bin/../lib/gcc/arm-none-eabi/4.8.3/armv6-m\libgcc.a(_divsi3.o)
 .bss           0x00000000        0x0 c:/program files (x86)/gnu tools arm embedded/4.8 2013q4/bin/../lib/gcc/arm-none-eabi/4.8.3/armv6-m\libgcc.a(_divsi3.o)
 .data          0x00000000        0x0 c:/program files (x86)/gnu tools arm embedded/4.8 2013q4/bin/../lib/gcc/arm-none-eabi/4.8.3/armv6-m\libgcc.a(_dvmd_tls.o)
 .bss           0x00000000        0x0 c:/program files (x86)/gnu tools arm embedded/4.8 2013q4/bin/../lib/gcc/arm-none-eabi/4.8.3/armv6-m\libgcc.a(_dvmd_tls.o)
 .data          0x00000000        0x0 c:/program files (x86)/gnu tools arm embedded/4.8 2013q4/bin/../lib/gcc/arm-none-eabi/4.8.3/armv6-m\libgcc.a(unwind-arm.o)
 .bss           0x00000000        0x0 c:/program files (x86)/gnu tools arm embedded/4.8 2013q4/bin/../lib/gcc/arm-none-eabi/4.8.3/armv6-m\libgcc.a(unwind-arm.o)
 .ARM.attributes
                0x00000000       0x2c c:/program files (x86)/gnu tools arm embedded/4.8 2013q4/bin/../lib/gcc/arm-none-eabi/4.8.3/armv6-m\libgcc.a(unwind-arm.o)
 .debug_frame   0x00000000      0x2c4 c:/program files (x86)/gnu tools arm embedded/4.8 2013q4/bin/../lib/gcc/arm-none-eabi/4.8.3/armv6-m\libgcc.a(unwind-arm.o)
 .data          0x00000000        0x0 c:/program files (x86)/gnu tools arm embedded/4.8 2013q4/bin/../lib/gcc/arm-none-eabi/4.8.3/armv6-m\libgcc.a(libunwind.o)
 .bss           0x00000000        0x0 c:/program files (x86)/gnu tools arm embedded/4.8 2013q4/bin/../lib/gcc/arm-none-eabi/4.8.3/armv6-m\libgcc.a(libunwind.o)
 .ARM.attributes
                0x00000000       0x1e c:/program files (x86)/gnu tools arm embedded/4.8 2013q4/bin/../lib/gcc/arm-none-eabi/4.8.3/armv6-m\libgcc.a(libunwind.o)
 .data          0x00000000        0x0 c:/program files (x86)/gnu tools arm embedded/4.8 2013q4/bin/../lib/gcc/arm-none-eabi/4.8.3/armv6-m\libgcc.a(pr-support.o)
 .bss           0x00000000        0x0 c:/program files (x86)/gnu tools arm embedded/4.8 2013q4/bin/../lib/gcc/arm-none-eabi/4.8.3/armv6-m\libgcc.a(pr-support.o)
 .ARM.attributes
                0x00000000       0x2c c:/program files (x86)/gnu tools arm embedded/4.8 2013q4/bin/../lib/gcc/arm-none-eabi/4.8.3/armv6-m\libgcc.a(pr-support.o)
 .debug_frame   0x00000000       0xf8 c:/program files (x86)/gnu tools arm embedded/4.8 2013q4/bin/../lib/gcc/arm-none-eabi/4.8.3/armv6-m\libgcc.a(pr-support.o)
 .text          0x00000000        0x0 c:/program files (x86)/gnu tools arm embedded/4.8 2013q4/bin/../lib/gcc/arm-none-eabi/4.8.3/../../../../arm-none-eabi/lib/armv6-m\libg.a(lib_a-memcpy-stub.o)
 .data          0x00000000        0x0 c:/program files (x86)/gnu tools arm embedded/4.8 2013q4/bin/../lib/gcc/arm-none-eabi/4.8.3/../../../../arm-none-eabi/lib/armv6-m\libg.a(lib_a-memcpy-stub.o)
 .bss           0x00000000        0x0 c:/program files (x86)/gnu tools arm embedded/4.8 2013q4/bin/../lib/gcc/arm-none-eabi/4.8.3/../../../../arm-none-eabi/lib/armv6-m\libg.a(lib_a-memcpy-stub.o)
 .ARM.attributes
                0x00000000       0x2c c:/program files (x86)/gnu tools arm embedded/4.8 2013q4/bin/../lib/gcc/arm-none-eabi/4.8.3/../../../../arm-none-eabi/lib/armv6-m\libg.a(lib_a-memcpy-stub.o)
 .debug_frame   0x00000000       0x30 c:/program files (x86)/gnu tools arm embedded/4.8 2013q4/bin/../lib/gcc/arm-none-eabi/4.8.3/../../../../arm-none-eabi/lib/armv6-m\libg.a(lib_a-memcpy-stub.o)
 .text          0x00000000        0x0 c:/program files (x86)/gnu tools arm embedded/4.8 2013q4/bin/../lib/gcc/arm-none-eabi/4.8.3/../../../../arm-none-eabi/lib/armv6-m\libg.a(lib_a-strlen.o)
 .data          0x00000000        0x0 c:/program files (x86)/gnu tools arm embedded/4.8 2013q4/bin/../lib/gcc/arm-none-eabi/4.8.3/../../../../arm-none-eabi/lib/armv6-m\libg.a(lib_a-strlen.o)
 .bss           0x00000000        0x0 c:/program files (x86)/gnu tools arm embedded/4.8 2013q4/bin/../lib/gcc/arm-none-eabi/4.8.3/../../../../arm-none-eabi/lib/armv6-m\libg.a(lib_a-strlen.o)

Memory Configuration

Name             Origin             Length             Attributes
rom              0x00000000         0x00008000         xr
ram              0x20000000         0x00000c00         xrw
ram1             0x1ffffc00         0x00000400         xrw
*default*        0x00000000         0xffffffff

Linker script and memory map

                0x20000c00                _eram = 0x20000c00

.text           0x00000000     0x2d48
 *(.isr_vector)
 .isr_vector    0x00000000      0x410 ..\obj\startup_coide.o
                0x00000000                g_pfnVectors
 *(.text*)
 .text.DefaultIntHandler
                0x00000410        0x2 ..\obj\startup_coide.o
                0x00000410                PendSVIntHandler
                0x00000410                BusFaultIntHandler
                0x00000410                NMIIntHandler
                0x00000410                UsageFaultIntHandler
                0x00000410                MemManageIntHandler
                0x00000410                SVCIntHandler
                0x00000410                DebugMonIntHandler
                0x00000410                HardFaultIntHandler
 *fill*         0x00000412        0x2 
 .text.Default_ResetHandler
                0x00000414       0x48 ..\obj\startup_coide.o
                0x00000414                RTCSIntHandler
                0x00000414                FTM1IntHandler
                0x00000414                USBOTGIntHandler
                0x00000414                FTM2IntHandler
                0x00000414                I2C1IntHandler
                0x00000414                Default_ResetHandler
                0x00000414                DMA1IntHandler
                0x00000414                DACIntHandler
                0x00000414                ACMPIntHandler
                0x00000414                ResetHandler
                0x00000414                LVDIntHandler
                0x00000414                FTFAIntHandler
                0x00000414                ADCIntHandler
                0x00000414                DMA0IntHandler
                0x00000414                I2C0IntHandler
                0x00000414                FTM0IntHandler
                0x00000414                LLWUIntHandler
                0x00000414                MCGIntHandler
                0x00000414                RTCAIntHandler
                0x00000414                TSIIntHandler
                0x00000414                LPTMRIntHandler
                0x00000414                PITIntHandler
                0x00000414                DMA3IntHandler
                0x00000414                DMA2IntHandler
 .text.xSysTickEnable
                0x0000045c       0x10 ..\obj\xcore.o
                0x0000045c                xSysTickEnable
 .text.xSysTickIntEnable
                0x0000046c       0x10 ..\obj\xcore.o
                0x0000046c                xSysTickIntEnable
 .text.xSysTickPeriodSet
                0x0000047c        0xc ..\obj\xcore.o
                0x0000047c                xSysTickPeriodSet
 .text.PORTAIntHandler
                0x00000488       0x6c ..\obj\xgpio.o
                0x00000488                PORTAIntHandler
 .text.PORTDIntHandler
                0x000004f4       0x70 ..\obj\xgpio.o
                0x000004f4                PORTDIntHandler
 .text.GPIODirModeSet
                0x00000564       0x18 ..\obj\xgpio.o
                0x00000564                GPIODirModeSet
 .text.xGPIODirModeSet
                0x0000057c       0x24 ..\obj\xgpio.o
                0x0000057c                xGPIODirModeSet
 .text.GPIOPinWrite
                0x000005a0       0x14 ..\obj\xgpio.o
                0x000005a0                GPIOPinWrite
 .text.GPIOPinConfigure
                0x000005b4       0x34 ..\obj\xgpio.o
                0x000005b4                GPIOPinConfigure
 .text.SysTickIntHandler
                0x000005e8       0x10 ..\obj\main.o
                0x000005e8                SysTickIntHandler
 .text._Z9rf24_initR4RF24
                0x000005f8       0x58 ..\obj\main.o
                0x000005f8                rf24_init(RF24&)
 .text._Z7pwmInitv
                0x00000650       0x9c ..\obj\main.o
                0x00000650                pwmInit()
 .text._Z7stopallv
                0x000006ec       0x24 ..\obj\main.o
                0x000006ec                stopall()
 .text._Z14getNRF24reportP4RF24P8report_t
                0x00000710       0x24 ..\obj\main.o
                0x00000710                getNRF24report(RF24*, report_t*)
 .text._Z5driveP8report_t
                0x00000734       0xe4 ..\obj\main.o
                0x00000734                drive(report_t*)
 .text.startup.main
                0x00000818       0x7c ..\obj\main.o
                0x00000818                main
 .text.WDTimerDisable
                0x00000894       0x1c ..\obj\xwdt.o
                0x00000894                WDTimerDisable
 .text.PutString
                0x000008b0       0x12 ..\obj\printf.o
                0x000008b0                PutString
 .text.PutUnsignedInt
                0x000008c2       0x4c ..\obj\printf.o
                0x000008c2                PutUnsignedInt
 .text.PutSignedInt
                0x0000090e       0x72 ..\obj\printf.o
                0x0000090e                PutSignedInt
 .text.PutHexa  0x00000980       0x48 ..\obj\printf.o
                0x00000980                PutHexa
 .text.vsnprintf
                0x000009c8      0x104 ..\obj\printf.o
                0x000009c8                vsnprintf
 .text.vsprintf
                0x00000acc       0x10 ..\obj\printf.o
                0x00000acc                vsprintf
 .text.fputc    0x00000adc       0x40 ..\obj\printf.o
                0x00000adc                fputc
 .text.fputs    0x00000b1c       0x24 ..\obj\printf.o
                0x00000b1c                fputs
 .text.vfprintf
                0x00000b40       0x1e ..\obj\printf.o
                0x00000b40                vfprintf
 *fill*         0x00000b5e        0x2 
 .text.vprintf  0x00000b60       0x2c ..\obj\printf.o
                0x00000b60                vprintf
 .text.printf   0x00000b8c       0x18 ..\obj\printf.o
                0x00000b8c                printf
 .text.puts     0x00000ba4       0x24 ..\obj\printf.o
                0x00000ba4                puts
 .text.SysCtlDelay
                0x00000bc8        0x6 ..\obj\xsysctl.o
                0x00000bc8                SysCtlDelay
 *fill*         0x00000bce        0x2 
 .text.xSysCtlClockSet32KhzFLLExt
                0x00000bd0       0x7c ..\obj\xsysctl.o
                0x00000bd0                xSysCtlClockSet32KhzFLLExt
 .text.xSysCtlPeripheralClockSourceSet
                0x00000c4c      0x17c ..\obj\xsysctl.o
                0x00000c4c                xSysCtlPeripheralClockSourceSet
 .text.SysCtlPeripheralEnable
                0x00000dc8       0x24 ..\obj\xsysctl.o
                0x00000dc8                SysCtlPeripheralEnable
 .text.SysCtlHClockGet
                0x00000dec       0xc8 ..\obj\xsysctl.o
                0x00000dec                SysCtlHClockGet
 .text.SysCtlPWMClkGet
                0x00000eb4       0x60 ..\obj\xsysctl.o
                0x00000eb4                SysCtlPWMClkGet
 .text.SPI0IntHandler
                0x00000f14       0x2c ..\obj\xspi.o
                0x00000f14                SPI0IntHandler
 .text.SPI1IntHandler
                0x00000f40       0x2c ..\obj\xspi.o
                0x00000f40                SPI1IntHandler
 .text.SPIConfigSetExpClk
                0x00000f6c       0x48 ..\obj\xspi.o
                0x00000f6c                SPIConfigSetExpClk
 .text.SPIEnable
                0x00000fb4        0xa ..\obj\xspi.o
                0x00000fb4                SPIEnable
 .text.SPISingleDataReadWrite
                0x00000fbe       0x1c ..\obj\xspi.o
                0x00000fbe                SPISingleDataReadWrite
 .text.abort    0x00000fda        0x2 ..\obj\syscalls.o
                0x00000fda                abort
 .text._ZN4RF2413read_registerEhPhh
                0x00000fdc       0x36 ..\obj\RF24.o
                0x00000fdc                RF24::read_register(unsigned char, unsigned char*, unsigned char)
 .text._ZN4RF2413read_registerEh
                0x00001012       0x20 ..\obj\RF24.o
                0x00001012                RF24::read_register(unsigned char)
 .text._ZN4RF2414write_registerEhPKhh
                0x00001032       0x38 ..\obj\RF24.o
                0x00001032                RF24::write_register(unsigned char, unsigned char const*, unsigned char)
 .text._ZN4RF2414write_registerEhh
                0x0000106a       0x26 ..\obj\RF24.o
                0x0000106a                RF24::write_register(unsigned char, unsigned char)
 .text._ZN4RF2412read_payloadEPvh
                0x00001090       0x5a ..\obj\RF24.o
                0x00001090                RF24::read_payload(void*, unsigned char)
 .text._ZN4RF248flush_rxEv
                0x000010ea       0x16 ..\obj\RF24.o
                0x000010ea                RF24::flush_rx()
 .text._ZN4RF248flush_txEv
                0x00001100       0x16 ..\obj\RF24.o
                0x00001100                RF24::flush_tx()
 .text._ZN4RF2410get_statusEv
                0x00001116       0x16 ..\obj\RF24.o
                0x00001116                RF24::get_status()
 .text._ZN4RF2412print_statusEh
                0x0000112c       0x28 ..\obj\RF24.o
                0x0000112c                RF24::print_status(unsigned char)
 .text._ZN4RF2419print_byte_registerEPKchh
                0x00001154       0x54 ..\obj\RF24.o
                0x00001154                RF24::print_byte_register(char const*, unsigned char, unsigned char)
 .text._ZN4RF2422print_address_registerEPKchh
                0x000011a8       0x78 ..\obj\RF24.o
                0x000011a8                RF24::print_address_register(char const*, unsigned char, unsigned char)
 .text._ZN4RF24C2Ev
                0x00001220       0x22 ..\obj\RF24.o
                0x00001220                RF24::RF24()
                0x00001220                RF24::RF24()
 .text._ZN4RF2410setChannelEh
                0x00001242       0x14 ..\obj\RF24.o
                0x00001242                RF24::setChannel(unsigned char)
 .text._ZN4RF2414setPayloadSizeEh
                0x00001256        0xc ..\obj\RF24.o
                0x00001256                RF24::setPayloadSize(unsigned char)
 .text._ZN4RF2414startListeningEv
                0x00001262       0x72 ..\obj\RF24.o
                0x00001262                RF24::startListening()
 .text._ZN4RF249availableEPh
                0x000012d4       0x38 ..\obj\RF24.o
                0x000012d4                RF24::available(unsigned char*)
 .text._ZN4RF249availableEv
                0x0000130c        0xa ..\obj\RF24.o
                0x0000130c                RF24::available()
 .text._ZN4RF244readEPvh
                0x00001316       0x16 ..\obj\RF24.o
                0x00001316                RF24::read(void*, unsigned char)
 .text._ZN4RF2415openWritingPipeEy
                0x0000132c       0x34 ..\obj\RF24.o
                0x0000132c                RF24::openWritingPipe(unsigned long long)
 .text._ZN4RF2415openReadingPipeEhy
                0x00001360       0x9c ..\obj\RF24.o
                0x00001360                RF24::openReadingPipe(unsigned char, unsigned long long)
 .text._ZN4RF2410setPALevelE13rf24_pa_dbm_e
                0x000013fc       0x36 ..\obj\RF24.o
                0x000013fc                RF24::setPALevel(rf24_pa_dbm_e)
 .text._ZN4RF2410getPALevelEv
                0x00001432       0x22 ..\obj\RF24.o
                0x00001432                RF24::getPALevel()
 .text._ZN4RF2411setDataRateE15rf24_datarate_e
                0x00001454       0x46 ..\obj\RF24.o
                0x00001454                RF24::setDataRate(rf24_datarate_e)
 .text._ZN4RF2411getDataRateEv
                0x0000149a       0x1e ..\obj\RF24.o
                0x0000149a                RF24::getDataRate()
 .text._ZN4RF2412setCRCLengthE16rf24_crclength_e
                0x000014b8       0x28 ..\obj\RF24.o
                0x000014b8                RF24::setCRCLength(rf24_crclength_e)
 .text._ZN4RF245beginEv
                0x000014e0       0x7c ..\obj\RF24.o
                0x000014e0                RF24::begin()
 .text._ZN4RF2412getCRCLengthEv
                0x0000155c       0x1e ..\obj\RF24.o
                0x0000155c                RF24::getCRCLength()
 *fill*         0x0000157a        0x2 
 .text._ZN4RF2412printDetailsEv
                0x0000157c      0x10c ..\obj\RF24.o
                0x0000157c                RF24::printDetails()
 .text._ZN4RF2410setRetriesEhh
                0x00001688       0x14 ..\obj\RF24.o
                0x00001688                RF24::setRetries(unsigned char, unsigned char)
 .text.xPWMInitConfigure
                0x0000169c       0x40 ..\obj\xpwm.o
                0x0000169c                xPWMInitConfigure
 .text.PWMDutySetPrec
                0x000016dc       0x30 ..\obj\xpwm.o
                0x000016dc                PWMDutySetPrec
 .text.PWMStart
                0x0000170c       0x12 ..\obj\xpwm.o
                0x0000170c                PWMStart
 *fill*         0x0000171e        0x2 
 .text.PWMFrequencySet
                0x00001720       0x50 ..\obj\xpwm.o
                0x00001720                PWMFrequencySet
 .text.PWMOutputEnable
                0x00001770       0x2c ..\obj\xpwm.o
                0x00001770                PWMOutputEnable
 .text.spi_init
                0x0000179c       0xb0 ..\obj\spi-cox.o
                0x0000179c                spi_init
 .text.spi_cs_low
                0x0000184c       0x14 ..\obj\spi-cox.o
                0x0000184c                spi_cs_low
 .text.spi_cs_high
                0x00001860       0x14 ..\obj\spi-cox.o
                0x00001860                spi_cs_high
 .text.spi_ce_low
                0x00001874       0x14 ..\obj\spi-cox.o
                0x00001874                spi_ce_low
 .text.spi_ce_high
                0x00001888       0x14 ..\obj\spi-cox.o
                0x00001888                spi_ce_high
 .text.spi_transferByte
                0x0000189c       0x14 ..\obj\spi-cox.o
                0x0000189c                spi_transferByte
 .text.delay    0x000018b0       0x14 ..\obj\spi-cox.o
                0x000018b0                delay
 .text.delayMicroseconds
                0x000018c4       0x1c ..\obj\spi-cox.o
                0x000018c4                delayMicroseconds
 .text.UART0SEIntHandler
                0x000018e0       0x30 ..\obj\xuart.o
                0x000018e0                UART0SEIntHandler
 .text.UART1SEIntHandler
                0x00001910       0x30 ..\obj\xuart.o
                0x00001910                UART1SEIntHandler
 .text.UART2SEIntHandler
                0x00001940       0x30 ..\obj\xuart.o
                0x00001940                UART2SEIntHandler
 .text          0x00001970       0x9c c:/program files (x86)/gnu tools arm embedded/4.8 2013q4/bin/../lib/gcc/arm-none-eabi/4.8.3/armv6-m\libgcc.a(_udivsi3.o)
                0x00001970                __aeabi_uidiv
                0x00001970                __udivsi3
                0x000019f8                __aeabi_uidivmod
 .text          0x00001a0c       0xc0 c:/program files (x86)/gnu tools arm embedded/4.8 2013q4/bin/../lib/gcc/arm-none-eabi/4.8.3/armv6-m\libgcc.a(_divsi3.o)
                0x00001a0c                __divsi3
                0x00001a0c                __aeabi_idiv
                0x00001ab8                __aeabi_idivmod
 .text          0x00001acc        0x4 c:/program files (x86)/gnu tools arm embedded/4.8 2013q4/bin/../lib/gcc/arm-none-eabi/4.8.3/armv6-m\libgcc.a(_dvmd_tls.o)
                0x00001acc                __aeabi_idiv0
                0x00001acc                __aeabi_ldiv0
 .text          0x00001ad0      0xa34 c:/program files (x86)/gnu tools arm embedded/4.8 2013q4/bin/../lib/gcc/arm-none-eabi/4.8.3/armv6-m\libgcc.a(unwind-arm.o)
                0x00001da8                _Unwind_GetCFA
                0x00001dac                __gnu_Unwind_RaiseException
                0x00001dfc                __gnu_Unwind_ForcedUnwind
                0x00001e10                __gnu_Unwind_Resume
                0x00001e58                __gnu_Unwind_Resume_or_Rethrow
                0x00001e74                _Unwind_Complete
                0x00001e78                _Unwind_DeleteException
                0x00001e88                _Unwind_VRS_Get
                0x00001ed4                _Unwind_VRS_Set
                0x00001f24                __gnu_Unwind_Backtrace
                0x0000227c                __aeabi_unwind_cpp_pr0
                0x00002288                __aeabi_unwind_cpp_pr1
                0x00002294                __aeabi_unwind_cpp_pr2
                0x000022a0                _Unwind_VRS_Pop
 .text          0x00002504      0x144 c:/program files (x86)/gnu tools arm embedded/4.8 2013q4/bin/../lib/gcc/arm-none-eabi/4.8.3/armv6-m\libgcc.a(libunwind.o)
                0x00002504                __restore_core_regs
                0x00002504                restore_core_regs
                0x00002530                __gnu_Unwind_Restore_VFP
                0x00002534                __gnu_Unwind_Save_VFP
                0x00002538                __gnu_Unwind_Restore_VFP_D
                0x0000253c                __gnu_Unwind_Save_VFP_D
                0x00002540                __gnu_Unwind_Restore_VFP_D_16_to_31
                0x00002544                __gnu_Unwind_Save_VFP_D_16_to_31
                0x00002548                __gnu_Unwind_Restore_WMMXD
                0x0000254c                __gnu_Unwind_Save_WMMXD
                0x00002550                __gnu_Unwind_Restore_WMMXC
                0x00002554                __gnu_Unwind_Save_WMMXC
                0x00002558                ___Unwind_RaiseException
                0x00002558                _Unwind_RaiseException
                0x00002588                _Unwind_Resume
                0x00002588                ___Unwind_Resume
                0x000025b8                _Unwind_Resume_or_Rethrow
                0x000025b8                ___Unwind_Resume_or_Rethrow
                0x000025e8                _Unwind_ForcedUnwind
                0x000025e8                ___Unwind_ForcedUnwind
                0x00002618                ___Unwind_Backtrace
                0x00002618                _Unwind_Backtrace
 .text          0x00002648      0x3a4 c:/program files (x86)/gnu tools arm embedded/4.8 2013q4/bin/../lib/gcc/arm-none-eabi/4.8.3/armv6-m\libgcc.a(pr-support.o)
                0x0000269c                __gnu_unwind_execute
                0x00002994                __gnu_unwind_frame
                0x000029bc                _Unwind_GetRegionStart
                0x000029c8                _Unwind_GetLanguageSpecificData
                0x000029dc                _Unwind_GetDataRelBase
                0x000029e4                _Unwind_GetTextRelBase
 .text.memcpy   0x000029ec       0x84 c:/program files (x86)/gnu tools arm embedded/4.8 2013q4/bin/../lib/gcc/arm-none-eabi/4.8.3/../../../../arm-none-eabi/lib/armv6-m\libg.a(lib_a-memcpy-stub.o)
                0x000029ec                memcpy
 .text.strlen   0x00002a70       0x10 c:/program files (x86)/gnu tools arm embedded/4.8 2013q4/bin/../lib/gcc/arm-none-eabi/4.8.3/../../../../arm-none-eabi/lib/armv6-m\libg.a(lib_a-strlen.o)
                0x00002a70                strlen
 *(.init)
 *(.fini)
 *crtbegin.o(.ctors)
 *crtbegin?.o(.ctors)
 *(EXCLUDE_FILE(*crtend.o *crtend?.o) .ctors)
 *(SORT(.ctors.*))
 *(.ctors)
 *crtbegin.o(.dtors)
 *crtbegin?.o(.dtors)
 *(EXCLUDE_FILE(*crtend.o *crtend?.o) .dtors)
 *(SORT(.dtors.*))
 *(.dtors)
 *(.rodata*)
 .rodata        0x00002a80       0x14 ..\obj\xgpio.o
 .rodata        0x00002a94       0xe8 ..\obj\xsysctl.o
 .rodata        0x00002b7c       0xa0 ..\obj\RF24.o
 .rodata.str1.1
                0x00002c1c      0x12c ..\obj\RF24.o
                                0x131 (size before relaxing)
 *(.eh_fram e*)

.glue_7         0x00002d48        0x0
 .glue_7        0x00000000        0x0 linker stubs

.glue_7t        0x00002d48        0x0
 .glue_7t       0x00000000        0x0 linker stubs

.vfp11_veneer   0x00002d48        0x0
 .vfp11_veneer  0x00000000        0x0 linker stubs

.v4_bx          0x00002d48        0x0
 .v4_bx         0x00000000        0x0 linker stubs

.iplt           0x00002d48        0x0
 .iplt          0x00000000        0x0 ..\obj\startup_coide.o

.ARM.extab      0x00002d48       0xe4
 *(.ARM.extab* .gnu.linkonce.armextab.*)
 .ARM.extab.text._ZN4RF2410setChannelEh
                0x00002d48        0xc ..\obj\RF24.o
 .ARM.extab.text._ZN4RF249availableEv
                0x00002d54        0xc ..\obj\RF24.o
 .ARM.extab.text._ZN4RF2410getPALevelEv
                0x00002d60        0xc ..\obj\RF24.o
 .ARM.extab.text._ZN4RF2411getDataRateEv
                0x00002d6c        0xc ..\obj\RF24.o
 .ARM.extab.text._ZN4RF2412getCRCLengthEv
                0x00002d78        0xc ..\obj\RF24.o
 .ARM.extab.text._ZN4RF2410setRetriesEhh
                0x00002d84        0xc ..\obj\RF24.o
 .ARM.extab     0x00002d90       0x6c c:/program files (x86)/gnu tools arm embedded/4.8 2013q4/bin/../lib/gcc/arm-none-eabi/4.8.3/armv6-m\libgcc.a(unwind-arm.o)
 .ARM.extab     0x00002dfc       0x30 c:/program files (x86)/gnu tools arm embedded/4.8 2013q4/bin/../lib/gcc/arm-none-eabi/4.8.3/armv6-m\libgcc.a(pr-support.o)
                0x00002e2c                __exidx_start = .

.ARM.exidx      0x00002e2c      0x1e0
 *(.ARM.exidx* .gnu.linkonce.armexidx.*)
 .ARM.exidx.text.SysTickIntHandler
                0x00002e2c        0x8 ..\obj\main.o
 .ARM.exidx.text._Z9rf24_initR4RF24
                0x00002e34        0x8 ..\obj\main.o
 .ARM.exidx.text._Z7pwmInitv
                0x00002e3c        0x8 ..\obj\main.o
 .ARM.exidx.text._Z7stopallv
                0x00002e44        0x0 ..\obj\main.o
                                  0x8 (size before relaxing)
 .ARM.exidx.text._Z14getNRF24reportP4RF24P8report_t
                0x00002e44        0x0 ..\obj\main.o
                                  0x8 (size before relaxing)
 .ARM.exidx.text._Z5driveP8report_t
                0x00002e44        0x0 ..\obj\main.o
                                  0x8 (size before relaxing)
 .ARM.exidx.text.startup.main
                0x00002e44       0x10 ..\obj\main.o
                                  0x8 (size before relaxing)
 .ARM.exidx.text._ZN4RF2413read_registerEhPhh
                0x00002e54        0x8 ..\obj\RF24.o
 .ARM.exidx.text._ZN4RF2413read_registerEh
                0x00002e5c        0x8 ..\obj\RF24.o
 .ARM.exidx.text._ZN4RF2414write_registerEhPKhh
                0x00002e64        0x8 ..\obj\RF24.o
 .ARM.exidx.text._ZN4RF2414write_registerEhh
                0x00002e6c        0x8 ..\obj\RF24.o
 .ARM.exidx.text._ZN4RF2412read_payloadEPvh
                0x00002e74        0x8 ..\obj\RF24.o
 .ARM.exidx.text._ZN4RF248flush_rxEv
                0x00002e7c        0x8 ..\obj\RF24.o
 .ARM.exidx.text._ZN4RF248flush_txEv
                0x00002e84        0x0 ..\obj\RF24.o
                                  0x8 (size before relaxing)
 .ARM.exidx.text._ZN4RF2410get_statusEv
                0x00002e84        0x0 ..\obj\RF24.o
                                  0x8 (size before relaxing)
 .ARM.exidx.text._ZN4RF2412print_statusEh
                0x00002e84        0x8 ..\obj\RF24.o
 .ARM.exidx.text._ZN4RF2419print_byte_registerEPKchh
                0x00002e8c        0x8 ..\obj\RF24.o
 .ARM.exidx.text._ZN4RF2422print_address_registerEPKchh
                0x00002e94        0x8 ..\obj\RF24.o
 .ARM.exidx.text._ZN4RF24C2Ev
                0x00002e9c        0x8 ..\obj\RF24.o
 .ARM.exidx.text._ZN4RF2410setChannelEh
                0x00002ea4        0x8 ..\obj\RF24.o
 .ARM.exidx.text._ZN4RF2414setPayloadSizeEh
                0x00002eac        0x8 ..\obj\RF24.o
 .ARM.exidx.text._ZN4RF2414startListeningEv
                0x00002eb4        0x8 ..\obj\RF24.o
 .ARM.exidx.text._ZN4RF249availableEPh
                0x00002ebc        0x8 ..\obj\RF24.o
 .ARM.exidx.text._ZN4RF249availableEv
                0x00002ec4        0x8 ..\obj\RF24.o
 .ARM.exidx.text._ZN4RF244readEPvh
                0x00002ecc        0x8 ..\obj\RF24.o
 .ARM.exidx.text._ZN4RF2415openWritingPipeEy
                0x00002ed4        0x8 ..\obj\RF24.o
 .ARM.exidx.text._ZN4RF2415openReadingPipeEhy
                0x00002edc        0x8 ..\obj\RF24.o
 .ARM.exidx.text._ZN4RF2410setPALevelE13rf24_pa_dbm_e
                0x00002ee4        0x8 ..\obj\RF24.o
 .ARM.exidx.text._ZN4RF2410getPALevelEv
                0x00002eec        0x8 ..\obj\RF24.o
 .ARM.exidx.text._ZN4RF2411setDataRateE15rf24_datarate_e
                0x00002ef4        0x8 ..\obj\RF24.o
 .ARM.exidx.text._ZN4RF2411getDataRateEv
                0x00002efc        0x8 ..\obj\RF24.o
 .ARM.exidx.text._ZN4RF2412setCRCLengthE16rf24_crclength_e
                0x00002f04        0x8 ..\obj\RF24.o
 .ARM.exidx.text._ZN4RF245beginEv
                0x00002f0c        0x8 ..\obj\RF24.o
 .ARM.exidx.text._ZN4RF2412getCRCLengthEv
                0x00002f14        0x8 ..\obj\RF24.o
 .ARM.exidx.text._ZN4RF2412printDetailsEv
                0x00002f1c        0x8 ..\obj\RF24.o
 .ARM.exidx.text._ZN4RF2410setRetriesEhh
                0x00002f24       0x10 ..\obj\RF24.o
                                  0x8 (size before relaxing)
 .ARM.exidx     0x00002f34       0xa0 c:/program files (x86)/gnu tools arm embedded/4.8 2013q4/bin/../lib/gcc/arm-none-eabi/4.8.3/armv6-m\libgcc.a(unwind-arm.o)
                                 0xd8 (size before relaxing)
 .ARM.exidx     0x00002fd4       0x38 c:/program files (x86)/gnu tools arm embedded/4.8 2013q4/bin/../lib/gcc/arm-none-eabi/4.8.3/armv6-m\libgcc.a(pr-support.o)
                                 0x48 (size before relaxing)
                0x0000300c                __exidx_end = .
                0x0000300c                __etext = .
                0x0000300c                _sidata = __etext

.rel.dyn        0x0000300c        0x0
 .rel.iplt      0x00000000        0x0 ..\obj\startup_coide.o

.data           0x20000000      0x42c load address 0x0000300c
                0x20000000                __data_start__ = .
                0x20000000                _sdata = __data_start__
 *(vtable)
 *(.data*)
 .data          0x20000000      0x428 ..\obj\printf.o
                0x20000000                _impure_ptr
                0x20000004                r
 .data          0x20000428        0x4 ..\obj\xsysctl.o
                0x2000042c                . = ALIGN (0x4)
                0x2000042c                PROVIDE (__preinit_array_start, .)
 *(.preinit_array)
                0x2000042c                PROVIDE (__preinit_array_end, .)
                0x2000042c                . = ALIGN (0x4)
                0x2000042c                PROVIDE (__init_array_start, .)
 *(SORT(.init_array.*))
 *(.init_array)
                0x2000042c                PROVIDE (__init_array_end, .)
                0x2000042c                . = ALIGN (0x4)
                0x2000042c                PROVIDE (__fini_array_start, .)
 *(SORT(.fini_array.*))
 *(.fini_array)
                0x2000042c                PROVIDE (__fini_array_end, .)
 *(.jcr*)
                0x2000042c                . = ALIGN (0x4)
                0x2000042c                __data_end__ = .
                0x2000042c                _edata = __data_end__

.igot.plt       0x2000042c        0x0 load address 0x00003438
 .igot.plt      0x00000000        0x0 ..\obj\startup_coide.o

.bss            0x2000042c       0x6c load address 0x00003438
                0x2000042c                . = ALIGN (0x4)
                0x2000042c                __bss_start__ = .
                0x2000042c                _sbss = __bss_start__
 *(.bss*)
 .bss           0x2000042c       0x40 ..\obj\xgpio.o
 .bss           0x2000046c       0x10 ..\obj\main.o
                0x20000478                output
 .bss           0x2000047c        0x4 ..\obj\xwdt.o
 .bss           0x20000480        0x8 ..\obj\xspi.o
 .bss           0x20000488        0x4 ..\obj\spi-cox.o
 .bss           0x2000048c        0xc ..\obj\xuart.o
 *(COMMON)
                0x20000498                . = ALIGN (0x4)
                0x20000498                __bss_end__ = .
                0x20000498                _ebss = __bss_end__

.heap           0x20000498        0x0
                0x20000498                __end__ = .
                0x20000498                _end = __end__
                0x20000498                end = __end__
 *(.heap*)
                0x20000498                __HeapLimit = .

.co_stack       0x20000498      0x400 load address 0x000034a4
                0x20000498                . = ALIGN (0x8)
 *(.co_stack .co_stack.*)
 .co_stack      0x20000498      0x400 ..\obj\startup_coide.o
                0x20000498                pulStack
                0x20000c00                __StackTop = (ORIGIN (ram) + 0xc00)
                0x20000800                __StackLimit = (__StackTop - SIZEOF (.co_stack))
                0x20000c00                PROVIDE (__stack, __StackTop)
                0x00000001                ASSERT ((__StackLimit >= __HeapLimit), region ram  overflowed with stack)
LOAD ..\obj\startup_coide.o
LOAD ..\obj\xdebug.o
LOAD ..\obj\xcore.o
LOAD ..\obj\xgpio.o
LOAD ..\obj\main.o
LOAD ..\obj\xwdt.o
LOAD ..\obj\printf.o
LOAD ..\obj\xsysctl.o
LOAD ..\obj\xspi.o
LOAD ..\obj\syscalls.o
LOAD ..\obj\RF24.o
LOAD ..\obj\xpwm.o
LOAD ..\obj\spi-cox.o
LOAD ..\obj\xuart.o
LOAD c:/program files (x86)/gnu tools arm embedded/4.8 2013q4/bin/../lib/gcc/arm-none-eabi/4.8.3/../../../../arm-none-eabi/lib/armv6-m\libstdc++.a
START GROUP
LOAD c:/program files (x86)/gnu tools arm embedded/4.8 2013q4/bin/../lib/gcc/arm-none-eabi/4.8.3/armv6-m\libgcc.a
LOAD c:/program files (x86)/gnu tools arm embedded/4.8 2013q4/bin/../lib/gcc/arm-none-eabi/4.8.3/../../../../arm-none-eabi/lib/armv6-m\libg.a
LOAD c:/program files (x86)/gnu tools arm embedded/4.8 2013q4/bin/../lib/gcc/arm-none-eabi/4.8.3/../../../../arm-none-eabi/lib/armv6-m\libc.a
END GROUP
OUTPUT(test.elf elf32-littlearm)

.debug_info     0x00000000     0x8b53
 .debug_info    0x00000000      0x120 ..\obj\startup_coide.o
 .debug_info    0x00000120      0x482 ..\obj\xcore.o
 .debug_info    0x000005a2      0xa2b ..\obj\xgpio.o
 .debug_info    0x00000fcd     0x12e8 ..\obj\main.o
 .debug_info    0x000022b5       0x97 ..\obj\xwdt.o
 .debug_info    0x0000234c     0x111c ..\obj\printf.o
 .debug_info    0x00003468      0xab2 ..\obj\xsysctl.o
 .debug_info    0x00003f1a      0x675 ..\obj\xspi.o
 .debug_info    0x0000458f     0x2e44 ..\obj\RF24.o
 .debug_info    0x000073d3      0x761 ..\obj\xpwm.o
 .debug_info    0x00007b34      0x443 ..\obj\spi-cox.o
 .debug_info    0x00007f77      0xbdc ..\obj\xuart.o

.debug_abbrev   0x00000000     0x1890
 .debug_abbrev  0x00000000       0xd9 ..\obj\startup_coide.o
 .debug_abbrev  0x000000d9      0x14c ..\obj\xcore.o
 .debug_abbrev  0x00000225      0x1f7 ..\obj\xgpio.o
 .debug_abbrev  0x0000041c      0x3bf ..\obj\main.o
 .debug_abbrev  0x000007db       0x6d ..\obj\xwdt.o
 .debug_abbrev  0x00000848      0x364 ..\obj\printf.o
 .debug_abbrev  0x00000bac      0x25f ..\obj\xsysctl.o
 .debug_abbrev  0x00000e0b      0x180 ..\obj\xspi.o
 .debug_abbrev  0x00000f8b      0x3c4 ..\obj\RF24.o
 .debug_abbrev  0x0000134f      0x1fe ..\obj\xpwm.o
 .debug_abbrev  0x0000154d      0x14c ..\obj\spi-cox.o
 .debug_abbrev  0x00001699      0x1f7 ..\obj\xuart.o

.debug_loc      0x00000000     0x63f4
 .debug_loc     0x00000000       0xb1 ..\obj\startup_coide.o
 .debug_loc     0x000000b1      0x20c ..\obj\xcore.o
 .debug_loc     0x000002bd      0xa2f ..\obj\xgpio.o
 .debug_loc     0x00000cec      0x8b3 ..\obj\main.o
 .debug_loc     0x0000159f      0xbbc ..\obj\printf.o
 .debug_loc     0x0000215b     0x141f ..\obj\xsysctl.o
 .debug_loc     0x0000357a      0x42f ..\obj\xspi.o
 .debug_loc     0x000039a9     0x1793 ..\obj\RF24.o
 .debug_loc     0x0000513c      0x8af ..\obj\xpwm.o
 .debug_loc     0x000059eb       0xc3 ..\obj\spi-cox.o
 .debug_loc     0x00005aae      0x946 ..\obj\xuart.o

.debug_aranges  0x00000000      0xa40
 .debug_aranges
                0x00000000       0x28 ..\obj\startup_coide.o
 .debug_aranges
                0x00000028      0x118 ..\obj\xcore.o
 .debug_aranges
                0x00000140       0xf0 ..\obj\xgpio.o
 .debug_aranges
                0x00000230       0x68 ..\obj\main.o
 .debug_aranges
                0x00000298       0x38 ..\obj\xwdt.o
 .debug_aranges
                0x000002d0       0xa0 ..\obj\printf.o
 .debug_aranges
                0x00000370      0x180 ..\obj\xsysctl.o
 .debug_aranges
                0x000004f0       0xd0 ..\obj\xspi.o
 .debug_aranges
                0x000005c0      0x1b8 ..\obj\RF24.o
 .debug_aranges
                0x00000778       0xc8 ..\obj\xpwm.o
 .debug_aranges
                0x00000840       0x58 ..\obj\spi-cox.o
 .debug_aranges
                0x00000898      0x1a8 ..\obj\xuart.o

.debug_ranges   0x00000000      0xb68
 .debug_ranges  0x00000000       0x18 ..\obj\startup_coide.o
 .debug_ranges  0x00000018      0x108 ..\obj\xcore.o
 .debug_ranges  0x00000120       0xe0 ..\obj\xgpio.o
 .debug_ranges  0x00000200       0x88 ..\obj\main.o
 .debug_ranges  0x00000288       0x28 ..\obj\xwdt.o
 .debug_ranges  0x000002b0       0xa8 ..\obj\printf.o
 .debug_ranges  0x00000358      0x170 ..\obj\xsysctl.o
 .debug_ranges  0x000004c8       0xc0 ..\obj\xspi.o
 .debug_ranges  0x00000588      0x330 ..\obj\RF24.o
 .debug_ranges  0x000008b8       0xb8 ..\obj\xpwm.o
 .debug_ranges  0x00000970       0x48 ..\obj\spi-cox.o
 .debug_ranges  0x000009b8      0x1b0 ..\obj\xuart.o

.debug_line     0x00000000     0x285e
 .debug_line    0x00000000       0x72 ..\obj\startup_coide.o
 .debug_line    0x00000072      0x348 ..\obj\xcore.o
 .debug_line    0x000003ba      0x33f ..\obj\xgpio.o
 .debug_line    0x000006f9      0x263 ..\obj\main.o
 .debug_line    0x0000095c       0x9e ..\obj\xwdt.o
 .debug_line    0x000009fa      0x3ae ..\obj\printf.o
 .debug_line    0x00000da8      0x701 ..\obj\xsysctl.o
 .debug_line    0x000014a9      0x2ea ..\obj\xspi.o
 .debug_line    0x00001793      0x70d ..\obj\RF24.o
 .debug_line    0x00001ea0      0x2e2 ..\obj\xpwm.o
 .debug_line    0x00002182      0x180 ..\obj\spi-cox.o
 .debug_line    0x00002302      0x55c ..\obj\xuart.o

.debug_str      0x00000000     0x28d7
 .debug_str     0x00000000      0x128 ..\obj\startup_coide.o
                                0x13a (size before relaxing)
 .debug_str     0x00000128      0x28b ..\obj\xcore.o
                                0x33d (size before relaxing)
 .debug_str     0x000003b3      0x30a ..\obj\xgpio.o
                                0x3f3 (size before relaxing)
 .debug_str     0x000006bd      0xbfa ..\obj\main.o
                                0xd60 (size before relaxing)
 .debug_str     0x000012b7       0x6f ..\obj\xwdt.o
                                0x12c (size before relaxing)
 .debug_str     0x00001326      0x4b8 ..\obj\printf.o
                                0x63c (size before relaxing)
 .debug_str     0x000017de      0x54c ..\obj\xsysctl.o
                                0x6bf (size before relaxing)
 .debug_str     0x00001d2a      0x274 ..\obj\xspi.o
                                0x365 (size before relaxing)
 .debug_str     0x00001f9e      0x2dc ..\obj\RF24.o
                                0xda2 (size before relaxing)
 .debug_str     0x0000227a      0x1f5 ..\obj\xpwm.o
                                0x360 (size before relaxing)
 .debug_str     0x0000246f       0x40 ..\obj\spi-cox.o
                                0x25e (size before relaxing)
 .debug_str     0x000024af      0x428 ..\obj\xuart.o
                                0x549 (size before relaxing)

.comment        0x00000000       0x70
 .comment       0x00000000       0x70 ..\obj\startup_coide.o
                                 0x71 (size before relaxing)
 .comment       0x00000000       0x71 ..\obj\xcore.o
 .comment       0x00000000       0x71 ..\obj\xgpio.o
 .comment       0x00000000       0x71 ..\obj\main.o
 .comment       0x00000000       0x71 ..\obj\xwdt.o
 .comment       0x00000000       0x71 ..\obj\printf.o
 .comment       0x00000000       0x71 ..\obj\xsysctl.o
 .comment       0x00000000       0x71 ..\obj\xspi.o
 .comment       0x00000000       0x71 ..\obj\RF24.o
 .comment       0x00000000       0x71 ..\obj\xpwm.o
 .comment       0x00000000       0x71 ..\obj\spi-cox.o
 .comment       0x00000000       0x71 ..\obj\xuart.o

.ARM.attributes
                0x00000000       0x32
 .ARM.attributes
                0x00000000       0x32 ..\obj\startup_coide.o
 .ARM.attributes
                0x00000032       0x32 ..\obj\xcore.o
 .ARM.attributes
                0x00000064       0x32 ..\obj\xgpio.o
 .ARM.attributes
                0x00000096       0x32 ..\obj\main.o
 .ARM.attributes
                0x000000c8       0x32 ..\obj\xwdt.o
 .ARM.attributes
                0x000000fa       0x32 ..\obj\printf.o
 .ARM.attributes
                0x0000012c       0x32 ..\obj\xsysctl.o
 .ARM.attributes
                0x0000015e       0x32 ..\obj\xspi.o
 .ARM.attributes
                0x00000190       0x32 ..\obj\RF24.o
 .ARM.attributes
                0x000001c2       0x32 ..\obj\xpwm.o
 .ARM.attributes
                0x000001f4       0x32 ..\obj\spi-cox.o
 .ARM.attributes
                0x00000226       0x32 ..\obj\xuart.o
 .ARM.attributes
                0x00000258       0x1e c:/program files (x86)/gnu tools arm embedded/4.8 2013q4/bin/../lib/gcc/arm-none-eabi/4.8.3/armv6-m\libgcc.a(_udivsi3.o)
 .ARM.attributes
                0x00000276       0x1e c:/program files (x86)/gnu tools arm embedded/4.8 2013q4/bin/../lib/gcc/arm-none-eabi/4.8.3/armv6-m\libgcc.a(_divsi3.o)
 .ARM.attributes
                0x00000294       0x1e c:/program files (x86)/gnu tools arm embedded/4.8 2013q4/bin/../lib/gcc/arm-none-eabi/4.8.3/armv6-m\libgcc.a(_dvmd_tls.o)
 .ARM.attributes
                0x000002b2       0x2c c:/program files (x86)/gnu tools arm embedded/4.8 2013q4/bin/../lib/gcc/arm-none-eabi/4.8.3/../../../../arm-none-eabi/lib/armv6-m\libg.a(lib_a-strlen.o)

.debug_frame    0x00000000     0x1950
 .debug_frame   0x00000000       0x38 ..\obj\startup_coide.o
 .debug_frame   0x00000038      0x238 ..\obj\xcore.o
 .debug_frame   0x00000270      0x288 ..\obj\xgpio.o
 .debug_frame   0x000004f8      0x100 ..\obj\main.o
 .debug_frame   0x000005f8       0x50 ..\obj\xwdt.o
 .debug_frame   0x00000648      0x1d8 ..\obj\printf.o
 .debug_frame   0x00000820      0x388 ..\obj\xsysctl.o
 .debug_frame   0x00000ba8      0x1d8 ..\obj\xspi.o
 .debug_frame   0x00000d80      0x554 ..\obj\RF24.o
 .debug_frame   0x000012d4      0x1d4 ..\obj\xpwm.o
 .debug_frame   0x000014a8       0xd4 ..\obj\spi-cox.o
 .debug_frame   0x0000157c      0x374 ..\obj\xuart.o
 .debug_frame   0x000018f0       0x20 c:/program files (x86)/gnu tools arm embedded/4.8 2013q4/bin/../lib/gcc/arm-none-eabi/4.8.3/armv6-m\libgcc.a(_udivsi3.o)
 .debug_frame   0x00001910       0x20 c:/program files (x86)/gnu tools arm embedded/4.8 2013q4/bin/../lib/gcc/arm-none-eabi/4.8.3/armv6-m\libgcc.a(_divsi3.o)
 .debug_frame   0x00001930       0x20 c:/program files (x86)/gnu tools arm embedded/4.8 2013q4/bin/../lib/gcc/arm-none-eabi/4.8.3/../../../../arm-none-eabi/lib/armv6-m\libg.a(lib_a-strlen.o)
